Ready: 2  In Progress: 1  Blocked: 1  Done: 1                                                 
Progress: 1/5 ███████████████░░░░░░░░░░░░░░░░░░░░░░░░░░░░░░░░░░░░░░░░░░░░░░░░░░░░░░░░░░░░░    
                                                                                              
  Tasks (In Progress)                                                                         
                                                                                              
                                                                                              
  1 item                                                                                      
                                                                                              
> ● · fix-bug-123                                                                             
  Fix login page redirect bug                                                                 
                                                                                              
                                                                                              
                                                                                              
                                                                                              
                                                                                              
                                                                                              
                                                                                              
                                                                                              
  ↑/k up • ↓/j down • / filter • q quit • ? more                                              
n:new  e:edit  s:start  d:done  P:pause  b:block  u:unblock  x:delete  t:timer  a:archive     
0-4:status  p:priority  N:notes  L:learnings  D:decisions  /:filter  r:refresh  ?:help  q:quit