                                                                                
                                                                                
                                                                                
                                                                                
                                                                                
                                                                                
                                                                                
                  ╭──────────────────────────────────────────╮                  
                  │                                          │                  
                  │                  Confirm                 │                  
                  │                                          │                  
                  │   Archive task 'deploy-staging'? (y/n)   │                  
                  │                                          │                  
                  │         y: confirm  n/esc: cancel        │                  
                  │                                          │                  
                  ╰──────────────────────────────────────────╯                  
                                                                                
                                                                                
                                                                                
                                                                                
                                                                                
                                                                                
                                                                                
                                                                                