Ready: 2  In Progress╭────────────────────────────────────╮                                                                            
Progress: 1/5 ███████│                                    │░░░░░░░░░░░░░░░░░░░░░░░░░░░░░░░                   
                     │   Keyboard Shortcuts               │                                                  
  Tasks              │                                    │                                                  
                     │   Tasks                            │                                                  
                     │     n      New task                │                                                  
  5 items            │     e      Edit task description   │                                                  
                     │     s      Start ready task        │                                                  
> ● · fix-bug-123    │     d      Mark done               │                                                  
  Fix login page redi│     t      Toggle timer            │                                                  
                     │     a      Archive done task       │                                                  
  ○ · write-tests    │     A      Archive all done        │                                                  
  Write unit tests fo│     enter  View details            │                                                  
                     │                                    │                                                  
                     │   Navigation                       │                                                  
                     │     /      Filter tasks            │                                                  
  •••                │     0-4    Status filter           │                                                  
                     │     p      Priority sort           │                                                  
  ↑/k up • ↓/j down •│     N      Notes                   │                                                  
n:new  e:edit  s:star│     L      Learnings               │ve all  enter:details  /:filter  r:refresh  q:quit
0-4:status  p:priorit│     D      Decisions               │?:help                                            
                     │                                    │    
                     │   General                          │    
                     │     r      Refresh                 │    