                                                                                
                                                                                
                                                                                
 ╭────────────────────────────────────────────────────────────────────────────╮ 
 │                                                                            │ 
 │  implement-auth                                                            │ 
 │                                                                            │ 
 │                                                                            │ 
 │  Status: ○ ready                                                           │ 
 │  Priority: · low                                                           │ 
 │                                                                            │ 
 │  Description                                                               │ 
 │  Implement user authentication system                                      │ 
 │                                                                            │ 
 │  Tags                                                                      │ 
 │   backend   security                                                       │ 
 │                                                                            │ 
 │  esc: back                                                                 │ 
 │                                                                            │ 
 ╰────────────────────────────────────────────────────────────────────────────╯ 
                                                                                
                                                                                
                                                                                
                                                                                