                                                                                
                                                                                
                                                                                
                                                                                
                                                                                
     ╭────────────────────────────────────────────────────────────────────╮     
     │                                                                    │     
     │   New Task                                                         │     
     │                                                                    │     
     │    ┃ Enter task description...                                     │     
     │    ┃ (Shift+Enter for newlines, Enter to submit)                   │     
     │    ┃                                                               │     
     │    ┃                                                               │     
     │    ┃                                                               │     
     │                                                                    │     
     │   ctrl+s: create  esc: cancel  (Enter adds newlines)               │     
     │                                                                    │     
     ╰────────────────────────────────────────────────────────────────────╯     
                                                                                
                                                                                
                                                                                
                                                                                
                                                                                
                                                                                