                                                                                
                                                                                
                                                                                
                                                                                
     ╭────────────────────────────────────────────────────────────────────╮     
     │                                                                    │     
     │   Edit Task                                                        │     
     │                                                                    │     
     │    fix-bug-123                                                     │     
     │                                                                    │     
     │    ┃ Fix login page redirect bug                                   │     
     │    ┃                                                               │     
     │    ┃                                                               │     
     │    ┃                                                               │     
     │    ┃                                                               │     
     │                                                                    │     
     │   ctrl+s: save  esc: cancel  (Enter adds newlines)                 │     
     │                                                                    │     
     ╰────────────────────────────────────────────────────────────────────╯     
                                                                                
                                                                                
                                                                                
                                                                                
                                                                                