                                                                                
                                                                                
                                                                                
                                                                                
     ╭────────────────────────────────────────────────────────────────────╮     
     │                                                                    │     
     │   Edit Task                                                        │     
     │                                                                    │     
     │    fix-bug-123                                                     │     
     │                                                                    │     
     │    ┃ Fix login page redirect bug                                   │     
     │    ┃                                                               │     
     │    ┃                                                               │     
     │    ┃                                                               │     
     │    ┃                                                               │     
     │                                                                    │     
     │   Ctrl+S or Alt+Enter: save  Esc: cancel  (Enter adds newlines)    │     
     │                                                                    │     
     ╰────────────────────────────────────────────────────────────────────╯     
                                                                                
                                                                                
                                                                                
                                                                                
                                                                                