                                                                                
                                                                                
                                                                                
                                                                                
                                                                                
                                                                                
                                                                                
                    ╭─────────────────────────────────────╮                     
                    │                                     │                     
                    │               Confirm               │                     
                    │                                     │                     
                    │   Archive all 1 done tasks? (y/n)   │                     
                    │                                     │                     
                    │      y: confirm  n/esc: cancel      │                     
                    │                                     │                     
                    ╰─────────────────────────────────────╯                     
                                                                                
                                                                                
                                                                                
                                                                                
                                                                                
                                                                                
                                                                                
                                                                                