○ Ready: 0  ● In Progress: 0  ◌ Blocked: 0  ✓ Done: 0                                         
Progress: 0/0 ░░░░░░░░░░░░░░░░░░░░░░░░░░░░░░░░░░░░░░░░░░░░░░░░░░░░░░░░░░░░░░░░░░░░░░░░░░░░    
                                                                                              
Press n to add your first task                                                                
  Tasks                                                                                       
                                                                                              
                                                                                              
  No tasks.                                                                                   
                                                                                              
                                                                                              
                                                                                              
                                                                                              
                                                                                              
                                                                                              
                                                                                              
                                                                                              
                                                                                              
                                                                                              
                                                                                              
                                                                                              
n:new  e:edit  s:start  d:done  P:pause  b:block  u:unblock  x:delete  t:timer  a:archive     
0-4:status  p:priority  N:notes  L:learnings  D:decisions  /:filter  r:refresh  ?:help  q:quit