                                                                                
                                                                                
                                                                                
                                                                                
                                                                                
    ╭─────────────────────────────────────────────────────────────────────╮     
    │                                                                     │     
    │   New Task                                                          │     
    │                                                                     │     
    │    ┃ Enter task description...                                      │     
    │    ┃ (Ctrl+S or Alt+Enter to submit, Enter adds newlines)           │     
    │    ┃                                                                │     
    │    ┃                                                                │     
    │    ┃                                                                │     
    │                                                                     │     
    │   Ctrl+S or Alt+Enter: create  Esc: cancel  (Enter adds newlines)   │     
    │                                                                     │     
    ╰─────────────────────────────────────────────────────────────────────╯     
                                                                                
                                                                                
                                                                                
                                                                                
                                                                                
                                                                                