[?25l[?2004h○ Ready: 2  ● In Progress: 1  ◌ Blocked: 1  ✓ Done: 1                           
Progress: 1/5 ███████████████░░░░░░░░░░░░░░░░░░░░░░░░░░░░░░░░░░░░░░░░░░░░░░░░░░░
                                                                                
  Tasks                                                                         
                                                                                
                                                                                
> ● · fix-bug-123                                                               
  Fix login page redirect bug                                                   
                                                                                
  ○ · write-tests                                                               
  Write unit tests for auth module                                              
                                                                                
  ○ · implement-auth                                                            
  Implement user authentication system [backend,security]                       
                                                                                
  ◌ · prod-deploy                                                               
  Deploy to production                                                          
                                                                                
  ••                                                                            
n:new  e:edit  s:start  d:done  P:pause  b:block  u:unblock  x:delete  t:timer  
0-4:status  p:priority  N:notes  L:learnings  D:decisions  /:filter  r:refresh  [2K[?2004l[?25h[?1002l[?1003l[?1006l