╭────────────────────────────────────────╮
│                                        │
│  implement-auth                        │
│                                        │
│                                        │
│  Status: ○ ready                       │
│  Priority: · low                       │
│                                        │
│  Description                           │
│  Implement user authentication system  │
│                                        │
│  Tags                                  │
│   backend   security                   │
│                                        │
│                                        │
│  Press esc to go back                  │
│                                        │
╰────────────────────────────────────────╯