                                                                                
                                                                                
                                                                                
                                                                                
 ╭────────────────────────────────────────────────────────────────────────────╮ 
 │                                                                            │ 
 │  prod-deploy                                                               │ 
 │                                                                            │ 
 │                                                                            │ 
 │  Status: ◌ blocked                                                         │ 
 │  Priority: · normal                                                        │ 
 │                                                                            │ 
 │  Description                                                               │ 
 │  Deploy to production                                                      │ 
 │                                                                            │ 
 │  Blocked by: write-tests                                                   │ 
 │                                                                            │ 
 │  esc: back                                                                 │ 
 │                                                                            │ 
 ╰────────────────────────────────────────────────────────────────────────────╯ 
                                                                                
                                                                                
                                                                                
                                                                                